$ ["/tmp/statqed-julia-runtimes/julia-1.12.6/bin/julia", "--version"]
$ ["/tmp/statqed-julia-runtimes/julia-1.12.6/bin/julia", "--startup-file=no", "--history-file=no", "--project=/tmp/statqed-julia-1.12.6-m7a_cwmh/project", "-e", "using InteractiveUtils; versioninfo(verbose=true); println(\"Sys.MACHINE=\", Sys.MACHINE); println(\"Sys.KERNEL=\", Sys.KERNEL)"]
Precompiling packages...
  17796.2 ms  ✓ InteractiveUtils (serial)
  1 dependency successfully precompiled in 18 seconds
$ ["/tmp/statqed-julia-runtimes/julia-1.12.6/bin/julia", "--startup-file=no", "--history-file=no", "--project=/tmp/statqed-julia-1.12.6-m7a_cwmh/project", "-e", "using Pkg; Pkg.resolve()"]
Precompiling packages...
  67641.6 ms  ✓ Pkg (serial)
  1 dependency successfully precompiled in 68 seconds
    Updating `/tmp/statqed-julia-1.12.6-m7a_cwmh/project/Project.toml`
  [ea8e919c] ~ SHA ⇒ v0.7.0
    Updating `/tmp/statqed-julia-1.12.6-m7a_cwmh/project/Manifest.toml`
  [ea8e919c] ~ SHA ⇒ v0.7.0
$ ["/tmp/statqed-julia-runtimes/julia-1.12.6/bin/julia", "--startup-file=no", "--history-file=no", "--project=/tmp/statqed-julia-1.12.6-m7a_cwmh/project", "-e", "using Pkg; Pkg.instantiate(; verbose=true, update_registry=false)"]
$ ["/tmp/statqed-julia-runtimes/julia-1.12.6/bin/julia", "--startup-file=no", "--history-file=no", "--project=/tmp/statqed-julia-1.12.6-m7a_cwmh/project", "-e", "using Pkg; Pkg.precompile(; strict=true)"]
Precompiling packages...
    436.4 ms  ✓ StatQEDProbe
  1 dependency successfully precompiled in 0 seconds
$ ["/tmp/statqed-julia-runtimes/julia-1.12.6/bin/julia", "--startup-file=no", "--history-file=no", "--project=/tmp/statqed-julia-1.12.6-m7a_cwmh/project", "-e", "using Pkg; Pkg.test(; coverage=false)"]
     Testing StatQEDProbe
      Status `/tmp/jl_mXXcXd/Project.toml`
  [a5ce49cd] StatQEDProbe v0.0.0 `/tmp/statqed-julia-1.12.6-m7a_cwmh/project`
  [ea8e919c] SHA v0.7.0
  [8dfed614] Test v1.11.0
      Status `/tmp/jl_mXXcXd/Manifest.toml`
  [a5ce49cd] StatQEDProbe v0.0.0 `/tmp/statqed-julia-1.12.6-m7a_cwmh/project`
  [2a0f44e3] Base64 v1.11.0
  [b77e0a4c] InteractiveUtils v1.11.0
  [ac6e5ff7] JuliaSyntaxHighlighting v1.12.0
  [56ddb016] Logging v1.11.0
  [d6f4376e] Markdown v1.11.0
  [9a3f8284] Random v1.11.0
  [ea8e919c] SHA v0.7.0
  [9e88b42a] Serialization v1.11.0
  [f489334b] StyledStrings v1.11.0
  [8dfed614] Test v1.11.0
     Testing Running tests...
Precompiling packages...
    348.0 ms  ✓ StatQEDProbe
  1 dependency successfully precompiled in 0 seconds
Precompiling packages...
    370.2 ms  ✓ Logging
    495.8 ms  ✓ Base64
    598.0 ms  ✓ Serialization
   8415.3 ms  ✓ StyledStrings
   2195.7 ms  ✓ JuliaSyntaxHighlighting
   4711.1 ms  ✓ Markdown
   2267.2 ms  ✓ InteractiveUtils
   3954.4 ms  ✓ Test
  8 dependencies successfully precompiled in 22 seconds
Test Summary:                 | Pass  Total  Time
StatQED Julia toolchain probe |    5      5  0.1s
     Testing StatQEDProbe tests passed 
$ ["/tmp/statqed-julia-runtimes/julia-1.12.6/bin/julia", "--startup-file=no", "--history-file=no", "--project=/tmp/statqed-julia-1.12.6-m7a_cwmh/project", "-e", "using Pkg; Pkg.status(; mode=Pkg.PKGMODE_PROJECT); Pkg.status(; mode=Pkg.PKGMODE_MANIFEST)"]
