$ ["/tmp/statqed-julia-runtimes/julia-1.12.6/bin/julia", "--startup-file=no", "--history-file=no", "--project=/tmp/statqed-preflight-9bf9922/docs/research/toolchain-prototypes/julia/rejected-compat", "-e", "using Pkg; Pkg.resolve()"]
[ Warning: julia version requirement for project not satisfied
ERROR: julia version requirement for package at `/tmp/statqed-preflight-9bf9922/docs/research/toolchain-prototypes/julia/rejected-compat` not satisfied: compat entry "julia = 1.13" does not include Julia version 1.12.6
Stacktrace:
  [1] pkgerror(msg::String)
    @ Pkg.Types /tmp/statqed-julia-runtimes/julia-1.12.6/share/julia/stdlib/v1.12/Pkg/src/Types.jl:68
  [2] collect_project(pkg::PackageSpec, path::String, manifest_file::String, julia_version::VersionNumber)
    @ Pkg.Operations /tmp/statqed-julia-runtimes/julia-1.12.6/share/julia/stdlib/v1.12/Pkg/src/Operations.jl:357
  [3] collect_fixed!(env::Pkg.Types.EnvCache, pkgs::Vector{PackageSpec}, names::Dict{Base.UUID, String}, julia_version::VersionNumber)
    @ Pkg.Operations /tmp/statqed-julia-runtimes/julia-1.12.6/share/julia/stdlib/v1.12/Pkg/src/Operations.jl:423
  [4] resolve_versions!(env::Pkg.Types.EnvCache, registries::Vector{Pkg.Registry.RegistryInstance}, pkgs::Vector{PackageSpec}, julia_version::VersionNumber, installed_only::Bool)
    @ Pkg.Operations /tmp/statqed-julia-runtimes/julia-1.12.6/share/julia/stdlib/v1.12/Pkg/src/Operations.jl:528
  [5] up(ctx::Pkg.Types.Context, pkgs::Vector{PackageSpec}, level::UpgradeLevel; skip_writing_project::Bool, preserve::Nothing)
    @ Pkg.Operations /tmp/statqed-julia-runtimes/julia-1.12.6/share/julia/stdlib/v1.12/Pkg/src/Operations.jl:2000
  [6] up
    @ /tmp/statqed-julia-runtimes/julia-1.12.6/share/julia/stdlib/v1.12/Pkg/src/Operations.jl:1977 [inlined]
  [7] up(ctx::Pkg.Types.Context, pkgs::Vector{PackageSpec}; level::UpgradeLevel, mode::PackageMode, preserve::Nothing, update_registry::Bool, skip_writing_project::Bool, workspace::Bool, kwargs::@Kwargs{})
    @ Pkg.API /tmp/statqed-julia-runtimes/julia-1.12.6/share/julia/stdlib/v1.12/Pkg/src/API.jl:450
  [8] up
    @ /tmp/statqed-julia-runtimes/julia-1.12.6/share/julia/stdlib/v1.12/Pkg/src/API.jl:419 [inlined]
  [9] up
    @ /tmp/statqed-julia-runtimes/julia-1.12.6/share/julia/stdlib/v1.12/Pkg/src/API.jl:174 [inlined]
 [10] #resolve#171
    @ /tmp/statqed-julia-runtimes/julia-1.12.6/share/julia/stdlib/v1.12/Pkg/src/API.jl:456 [inlined]
 [11] resolve
    @ /tmp/statqed-julia-runtimes/julia-1.12.6/share/julia/stdlib/v1.12/Pkg/src/API.jl:455 [inlined]
 [12] resolve(; io::IOContext{IO}, kwargs::@Kwargs{})
    @ Pkg.API /tmp/statqed-julia-runtimes/julia-1.12.6/share/julia/stdlib/v1.12/Pkg/src/API.jl:454
 [13] top-level scope
    @ none:1
 [14] eval(m::Module, e::Any)
    @ Core ./boot.jl:489
 [15] exec_options(opts::Base.JLOptions)
    @ Base ./client.jl:283
 [16] _start()
    @ Base ./client.jl:550
