"Package"	"Version"	"Priority"	"License"	"Built"
"brio"	"1.1.5"	NA	"MIT + file LICENSE"	"R 4.6.1; x86_64-pc-linux-gnu; 2026-08-03 13:00:06 UTC; unix"
"callr"	"3.8.0"	NA	"MIT + file LICENSE"	"R 4.6.1; ; 2026-08-03 13:01:00 UTC; unix"
"cli"	"3.6.6"	NA	"MIT + file LICENSE"	"R 4.6.1; x86_64-pc-linux-gnu; 2026-08-03 13:00:07 UTC; unix"
"crayon"	"1.5.3"	NA	"MIT + file LICENSE"	"R 4.6.1; ; 2026-08-03 13:00:16 UTC; unix"
"desc"	"1.4.3"	NA	"MIT + file LICENSE"	"R 4.6.1; ; 2026-08-03 13:01:03 UTC; unix"
"diffobj"	"0.3.6"	NA	"GPL-2 | GPL-3"	"R 4.6.1; x86_64-pc-linux-gnu; 2026-08-03 13:01:06 UTC; unix"
"evaluate"	"1.0.5"	NA	"MIT + file LICENSE"	"R 4.6.1; ; 2026-08-03 13:00:18 UTC; unix"
"fs"	"2.1.0"	NA	"MIT + file LICENSE"	"R 4.6.1; x86_64-pc-linux-gnu; 2026-08-03 13:00:19 UTC; unix"
"glue"	"1.8.1"	NA	"MIT + file LICENSE"	"R 4.6.1; x86_64-pc-linux-gnu; 2026-08-03 13:00:26 UTC; unix"
"graphics"	"4.6.1"	"base"	"Part of R 4.6.1"	"R 4.6.1; x86_64-pc-linux-gnu; 2026-06-26 17:15:59 UTC; unix"
"grDevices"	"4.6.1"	"base"	"Part of R 4.6.1"	"R 4.6.1; x86_64-pc-linux-gnu; 2026-06-26 17:15:58 UTC; unix"
"jsonlite"	"2.0.0"	NA	"MIT + file LICENSE"	"R 4.6.1; x86_64-pc-linux-gnu; 2026-08-03 13:00:28 UTC; unix"
"lifecycle"	"1.0.5"	NA	"MIT + file LICENSE"	"R 4.6.1; ; 2026-08-03 13:01:12 UTC; unix"
"magrittr"	"2.0.5"	NA	"MIT + file LICENSE"	"R 4.6.1; x86_64-pc-linux-gnu; 2026-08-03 13:00:31 UTC; unix"
"methods"	"4.6.1"	"base"	"Part of R 4.6.1"	"R 4.6.1; x86_64-pc-linux-gnu; 2026-06-26 17:16:00 UTC; unix"
"otel"	"0.2.0"	NA	"MIT + file LICENSE"	"R 4.6.1; ; 2026-08-03 13:00:33 UTC; unix"
"pkgbuild"	"1.4.8"	NA	"MIT + file LICENSE"	"R 4.6.1; ; 2026-08-03 13:01:16 UTC; unix"
"pkgload"	"1.5.3"	NA	"MIT + file LICENSE"	"R 4.6.1; ; 2026-08-03 13:01:18 UTC; unix"
"praise"	"1.0.0"	NA	"MIT + file LICENSE"	"R 4.6.1; ; 2026-08-03 13:00:35 UTC; unix"
"processx"	"3.9.0"	NA	"MIT + file LICENSE"	"R 4.6.1; x86_64-pc-linux-gnu; 2026-08-03 13:00:55 UTC; unix"
"ps"	"1.9.3"	NA	"MIT + file LICENSE"	"R 4.6.1; x86_64-pc-linux-gnu; 2026-08-03 13:00:36 UTC; unix"
"R6"	"2.6.1"	NA	"MIT + file LICENSE"	"R 4.6.1; ; 2026-08-03 13:00:40 UTC; unix"
"rlang"	"1.2.0"	NA	"MIT + file LICENSE"	"R 4.6.1; x86_64-pc-linux-gnu; 2026-08-03 13:00:42 UTC; unix"
"rprojroot"	"2.1.1"	NA	"MIT + file LICENSE"	"R 4.6.1; ; 2026-08-03 13:00:52 UTC; unix"
"stats"	"4.6.1"	"base"	"Part of R 4.6.1"	"R 4.6.1; x86_64-pc-linux-gnu; 2026-06-26 17:15:59 UTC; unix"
"testthat"	"3.3.2"	NA	"MIT + file LICENSE"	"R 4.6.1; x86_64-pc-linux-gnu; 2026-08-03 13:01:21 UTC; unix"
"tools"	"4.6.1"	"base"	"Part of R 4.6.1"	"R 4.6.1; x86_64-pc-linux-gnu; 2026-06-26 17:15:57 UTC; unix"
"utils"	"4.6.1"	"base"	"Part of R 4.6.1"	"R 4.6.1; x86_64-pc-linux-gnu; 2026-06-26 17:15:57 UTC; unix"
"waldo"	"0.6.2"	NA	"MIT + file LICENSE"	"R 4.6.1; ; 2026-08-03 13:01:14 UTC; unix"
"withr"	"3.0.3"	NA	"MIT + file LICENSE"	"R 4.6.1; ; 2026-08-03 13:00:53 UTC; unix"
