R version 4.6.1 (2026-06-24) 
platform: x86_64-pc-linux-gnu 
testthat: 3.3.2 
$Package
[1] "testthat"

$Version
[1] "3.3.2"

$License
[1] "MIT + file LICENSE"

$URL
[1] "https://testthat.r-lib.org, https://github.com/r-lib/testthat"

$BugReports
[1] "https://github.com/r-lib/testthat/issues"

$Repository
[1] "CRAN"

$`Date/Publication`
[1] "2026-01-11 09:10:02 UTC"

$Built
[1] "R 4.6.1; x86_64-pc-linux-gnu; 2026-08-03 13:01:21 UTC; unix"

R version 4.6.1 (2026-06-24)
Platform: x86_64-pc-linux-gnu
Running under: Ubuntu 24.04.4 LTS

Matrix products: default
BLAS:   /usr/lib/x86_64-linux-gnu/openblas-pthread/libblas.so.3 
LAPACK: /usr/lib/x86_64-linux-gnu/openblas-pthread/libopenblasp-r0.3.26.so;  LAPACK version 3.12.0

locale:
 [1] LC_CTYPE=C.UTF-8       LC_NUMERIC=C           LC_TIME=C.UTF-8       
 [4] LC_COLLATE=C.UTF-8     LC_MONETARY=C.UTF-8    LC_MESSAGES=C.UTF-8   
 [7] LC_PAPER=C.UTF-8       LC_NAME=C              LC_ADDRESS=C          
[10] LC_TELEPHONE=C         LC_MEASUREMENT=C.UTF-8 LC_IDENTIFICATION=C   

time zone: UTC
tzcode source: system (glibc)

attached base packages:
[1] stats     graphics  grDevices utils     datasets  methods   base     

loaded via a namespace (and not attached):
[1] compiler_4.6.1
