"Package"	"Version"	"Priority"	"License"	"Built"
"brio"	"1.1.5"	NA	"MIT + file LICENSE"	"4.4.3"
"callr"	"3.7.6"	NA	"MIT + file LICENSE"	"4.4.3"
"cli"	"3.6.6"	NA	"MIT + file LICENSE"	"4.4.3"
"crayon"	"1.5.3"	NA	"MIT + file LICENSE"	"4.4.3"
"desc"	"1.4.3"	NA	"MIT + file LICENSE"	"4.4.3"
"diffobj"	"0.3.8"	NA	"GPL-2 | GPL-3"	"4.4.3"
"digest"	"0.6.39"	NA	"GPL (>= 2)"	"4.4.3"
"evaluate"	"1.0.5"	NA	"MIT + file LICENSE"	"4.4.3"
"fs"	"2.1.0"	NA	"MIT + file LICENSE"	"4.4.3"
"glue"	"1.8.1"	NA	"MIT + file LICENSE"	"4.4.3"
"graphics"	"4.4.3"	"base"	"Part of R 4.4.3"	"4.4.3"
"grDevices"	"4.4.3"	"base"	"Part of R 4.4.3"	"4.4.3"
"jsonlite"	"2.0.0"	NA	"MIT + file LICENSE"	"4.4.3"
"lifecycle"	"1.0.5"	NA	"MIT + file LICENSE"	"4.4.3"
"magrittr"	"2.0.5"	NA	"MIT + file LICENSE"	"4.4.3"
"methods"	"4.4.3"	"base"	"Part of R 4.4.3"	"4.4.3"
"pkgbuild"	"1.4.8"	NA	"MIT + file LICENSE"	"4.4.3"
"pkgload"	"1.5.3"	NA	"MIT + file LICENSE"	"4.4.3"
"praise"	"1.0.0"	NA	"MIT + file LICENSE"	"4.4.3"
"processx"	"3.9.0"	NA	"MIT + file LICENSE"	"4.4.3"
"ps"	"1.9.3"	NA	"MIT + file LICENSE"	"4.4.3"
"R6"	"2.6.1"	NA	"MIT + file LICENSE"	"4.4.3"
"rlang"	"1.3.0"	NA	"MIT + file LICENSE"	"4.4.3"
"rprojroot"	"2.1.1"	NA	"MIT + file LICENSE"	"4.4.3"
"stats"	"4.4.3"	"base"	"Part of R 4.4.3"	"4.4.3"
"testthat"	"3.2.3"	NA	"MIT + file LICENSE"	"4.4.3"
"tools"	"4.4.3"	"base"	"Part of R 4.4.3"	"4.4.3"
"utils"	"4.4.3"	"base"	"Part of R 4.4.3"	"4.4.3"
"waldo"	"0.6.2"	NA	"MIT + file LICENSE"	"4.4.3"
"withr"	"3.0.3"	NA	"MIT + file LICENSE"	"4.4.3"
