[
  {
    "base_url": "https://conda.anaconda.org/conda-forge",
    "build_number": 20,
    "build_string": "20_gnu",
    "channel": "conda-forge",
    "dist_name": "_openmp_mutex-4.5-20_gnu",
    "name": "_openmp_mutex",
    "platform": "linux-64",
    "version": "4.5"
  },
  {
    "base_url": "https://conda.anaconda.org/conda-forge",
    "build_number": 1,
    "build_string": "anacondar_1",
    "channel": "conda-forge",
    "dist_name": "_r-mutex-1.0.1-anacondar_1",
    "name": "_r-mutex",
    "platform": "noarch",
    "version": "1.0.1"
  },
  {
    "base_url": "https://conda.anaconda.org/conda-forge",
    "build_number": 102,
    "build_string": "default_hfdba357_102",
    "channel": "conda-forge",
    "dist_name": "binutils_impl_linux-64-2.46.1-default_hfdba357_102",
    "name": "binutils_impl_linux-64",
    "platform": "linux-64",
    "version": "2.46.1"
  },
  {
    "base_url": "https://conda.anaconda.org/conda-forge",
    "build_number": 1,
    "build_string": "ha770c72_1",
    "channel": "conda-forge",
    "dist_name": "bwidget-1.10.1-ha770c72_1",
    "name": "bwidget",
    "platform": "linux-64",
    "version": "1.10.1"
  },
  {
    "base_url": "https://conda.anaconda.org/conda-forge",
    "build_number": 9,
    "build_string": "hda65f42_9",
    "channel": "conda-forge",
    "dist_name": "bzip2-1.0.8-hda65f42_9",
    "name": "bzip2",
    "platform": "linux-64",
    "version": "1.0.8"
  },
  {
    "base_url": "https://conda.anaconda.org/conda-forge",
    "build_number": 0,
    "build_string": "hb03c661_0",
    "channel": "conda-forge",
    "dist_name": "c-ares-1.34.8-hb03c661_0",
    "name": "c-ares",
    "platform": "linux-64",
    "version": "1.34.8"
  },
  {
    "base_url": "https://conda.anaconda.org/conda-forge",
    "build_number": 0,
    "build_string": "hbd8a1cb_0",
    "channel": "conda-forge",
    "dist_name": "ca-certificates-2026.7.22-hbd8a1cb_0",
    "name": "ca-certificates",
    "platform": "noarch",
    "version": "2026.7.22"
  },
  {
    "base_url": "https://conda.anaconda.org/conda-forge",
    "build_number": 0,
    "build_string": "h3394656_0",
    "channel": "conda-forge",
    "dist_name": "cairo-1.18.4-h3394656_0",
    "name": "cairo",
    "platform": "linux-64",
    "version": "1.18.4"
  },
  {
    "base_url": "https://conda.anaconda.org/conda-forge",
    "build_number": 1,
    "build_string": "hcf29cc6_1",
    "channel": "conda-forge",
    "dist_name": "curl-8.21.0-hcf29cc6_1",
    "name": "curl",
    "platform": "linux-64",
    "version": "8.21.0"
  },
  {
    "base_url": "https://conda.anaconda.org/conda-forge",
    "build_number": 0,
    "build_string": "hab24e00_0",
    "channel": "conda-forge",
    "dist_name": "font-ttf-dejavu-sans-mono-2.37-hab24e00_0",
    "name": "font-ttf-dejavu-sans-mono",
    "platform": "noarch",
    "version": "2.37"
  },
  {
    "base_url": "https://conda.anaconda.org/conda-forge",
    "build_number": 0,
    "build_string": "h77eed37_0",
    "channel": "conda-forge",
    "dist_name": "font-ttf-inconsolata-3.000-h77eed37_0",
    "name": "font-ttf-inconsolata",
    "platform": "noarch",
    "version": "3.000"
  },
  {
    "base_url": "https://conda.anaconda.org/conda-forge",
    "build_number": 0,
    "build_string": "h77eed37_0",
    "channel": "conda-forge",
    "dist_name": "font-ttf-source-code-pro-2.038-h77eed37_0",
    "name": "font-ttf-source-code-pro",
    "platform": "noarch",
    "version": "2.038"
  },
  {
    "base_url": "https://conda.anaconda.org/conda-forge",
    "build_number": 3,
    "build_string": "h77eed37_3",
    "channel": "conda-forge",
    "dist_name": "font-ttf-ubuntu-0.83-h77eed37_3",
    "name": "font-ttf-ubuntu",
    "platform": "noarch",
    "version": "0.83"
  },
  {
    "base_url": "https://conda.anaconda.org/conda-forge",
    "build_number": 0,
    "build_string": "h27c8c51_0",
    "channel": "conda-forge",
    "dist_name": "fontconfig-2.18.2-h27c8c51_0",
    "name": "fontconfig",
    "platform": "linux-64",
    "version": "2.18.2"
  },
  {
    "base_url": "https://conda.anaconda.org/conda-forge",
    "build_number": 0,
    "build_string": "0",
    "channel": "conda-forge",
    "dist_name": "fonts-conda-ecosystem-1-0",
    "name": "fonts-conda-ecosystem",
    "platform": "noarch",
    "version": "1"
  },
  {
    "base_url": "https://conda.anaconda.org/conda-forge",
    "build_number": 1,
    "build_string": "hc364b38_1",
    "channel": "conda-forge",
    "dist_name": "fonts-conda-forge-1-hc364b38_1",
    "name": "fonts-conda-forge",
    "platform": "noarch",
    "version": "1"
  },
  {
    "base_url": "https://conda.anaconda.org/conda-forge",
    "build_number": 1,
    "build_string": "ha770c72_1",
    "channel": "conda-forge",
    "dist_name": "freetype-2.14.3-ha770c72_1",
    "name": "freetype",
    "platform": "linux-64",
    "version": "2.14.3"
  },
  {
    "base_url": "https://conda.anaconda.org/conda-forge",
    "build_number": 0,
    "build_string": "hb03c661_0",
    "channel": "conda-forge",
    "dist_name": "fribidi-1.0.16-hb03c661_0",
    "name": "fribidi",
    "platform": "linux-64",
    "version": "1.0.16"
  },
  {
    "base_url": "https://conda.anaconda.org/conda-forge",
    "build_number": 1,
    "build_string": "h5fcb69b_1",
    "channel": "conda-forge",
    "dist_name": "gcc_impl_linux-64-16.1.0-h5fcb69b_1",
    "name": "gcc_impl_linux-64",
    "platform": "linux-64",
    "version": "16.1.0"
  },
  {
    "base_url": "https://conda.anaconda.org/conda-forge",
    "build_number": 1,
    "build_string": "h08e1a1a_1",
    "channel": "conda-forge",
    "dist_name": "gfortran_impl_linux-64-16.1.0-h08e1a1a_1",
    "name": "gfortran_impl_linux-64",
    "platform": "linux-64",
    "version": "16.1.0"
  },
  {
    "base_url": "https://conda.anaconda.org/conda-forge",
    "build_number": 0,
    "build_string": "hecca717_0",
    "channel": "conda-forge",
    "dist_name": "graphite2-1.3.15-hecca717_0",
    "name": "graphite2",
    "platform": "linux-64",
    "version": "1.3.15"
  },
  {
    "base_url": "https://conda.anaconda.org/conda-forge",
    "build_number": 0,
    "build_string": "he838d99_0",
    "channel": "conda-forge",
    "dist_name": "gsl-2.7-he838d99_0",
    "name": "gsl",
    "platform": "linux-64",
    "version": "2.7"
  },
  {
    "base_url": "https://conda.anaconda.org/conda-forge",
    "build_number": 1,
    "build_string": "he33a5f8_1",
    "channel": "conda-forge",
    "dist_name": "gxx_impl_linux-64-16.1.0-he33a5f8_1",
    "name": "gxx_impl_linux-64",
    "platform": "linux-64",
    "version": "16.1.0"
  },
  {
    "base_url": "https://conda.anaconda.org/conda-forge",
    "build_number": 0,
    "build_string": "h15599e2_0",
    "channel": "conda-forge",
    "dist_name": "harfbuzz-12.2.0-h15599e2_0",
    "name": "harfbuzz",
    "platform": "linux-64",
    "version": "12.2.0"
  },
  {
    "base_url": "https://conda.anaconda.org/conda-forge",
    "build_number": 0,
    "build_string": "he02047a_0",
    "channel": "conda-forge",
    "dist_name": "icu-75.1-he02047a_0",
    "name": "icu",
    "platform": "linux-64",
    "version": "75.1"
  },
  {
    "base_url": "https://conda.anaconda.org/conda-forge",
    "build_number": 6,
    "build_string": "he073ed8_6",
    "channel": "conda-forge",
    "dist_name": "kernel-headers_linux-64-6.12.0-he073ed8_6",
    "name": "kernel-headers_linux-64",
    "platform": "noarch",
    "version": "6.12.0"
  },
  {
    "base_url": "https://conda.anaconda.org/conda-forge",
    "build_number": 0,
    "build_string": "hb9d3cd8_0",
    "channel": "conda-forge",
    "dist_name": "keyutils-1.6.3-hb9d3cd8_0",
    "name": "keyutils",
    "platform": "linux-64",
    "version": "1.6.3"
  },
  {
    "base_url": "https://conda.anaconda.org/conda-forge",
    "build_number": 1,
    "build_string": "hbde042b_1",
    "channel": "conda-forge",
    "dist_name": "krb5-1.22.2-hbde042b_1",
    "name": "krb5",
    "platform": "linux-64",
    "version": "1.22.2"
  },
  {
    "base_url": "https://conda.anaconda.org/conda-forge",
    "build_number": 102,
    "build_string": "default_hbd61a6d_102",
    "channel": "conda-forge",
    "dist_name": "ld_impl_linux-64-2.46.1-default_hbd61a6d_102",
    "name": "ld_impl_linux-64",
    "platform": "linux-64",
    "version": "2.46.1"
  },
  {
    "base_url": "https://conda.anaconda.org/conda-forge",
    "build_number": 0,
    "build_string": "hdb68285_0",
    "channel": "conda-forge",
    "dist_name": "lerc-4.2.0-hdb68285_0",
    "name": "lerc",
    "platform": "linux-64",
    "version": "4.2.0"
  },
  {
    "base_url": "https://conda.anaconda.org/conda-forge",
    "build_number": 8,
    "build_string": "8_h4a7cf45_openblas",
    "channel": "conda-forge",
    "dist_name": "libblas-3.11.0-8_h4a7cf45_openblas",
    "name": "libblas",
    "platform": "linux-64",
    "version": "3.11.0"
  },
  {
    "base_url": "https://conda.anaconda.org/conda-forge",
    "build_number": 8,
    "build_string": "8_h0358290_openblas",
    "channel": "conda-forge",
    "dist_name": "libcblas-3.11.0-8_h0358290_openblas",
    "name": "libcblas",
    "platform": "linux-64",
    "version": "3.11.0"
  },
  {
    "base_url": "https://conda.anaconda.org/conda-forge",
    "build_number": 1,
    "build_string": "hcf29cc6_1",
    "channel": "conda-forge",
    "dist_name": "libcurl-8.21.0-hcf29cc6_1",
    "name": "libcurl",
    "platform": "linux-64",
    "version": "8.21.0"
  },
  {
    "base_url": "https://conda.anaconda.org/conda-forge",
    "build_number": 0,
    "build_string": "h17f619e_0",
    "channel": "conda-forge",
    "dist_name": "libdeflate-1.25-h17f619e_0",
    "name": "libdeflate",
    "platform": "linux-64",
    "version": "1.25"
  },
  {
    "base_url": "https://conda.anaconda.org/conda-forge",
    "build_number": 0,
    "build_string": "pl5321h7949ede_0",
    "channel": "conda-forge",
    "dist_name": "libedit-3.1.20250104-pl5321h7949ede_0",
    "name": "libedit",
    "platform": "linux-64",
    "version": "3.1.20250104"
  },
  {
    "base_url": "https://conda.anaconda.org/conda-forge",
    "build_number": 2,
    "build_string": "hd590300_2",
    "channel": "conda-forge",
    "dist_name": "libev-4.33-hd590300_2",
    "name": "libev",
    "platform": "linux-64",
    "version": "4.33"
  },
  {
    "base_url": "https://conda.anaconda.org/conda-forge",
    "build_number": 1,
    "build_string": "hecca717_1",
    "channel": "conda-forge",
    "dist_name": "libexpat-2.8.1-hecca717_1",
    "name": "libexpat",
    "platform": "linux-64",
    "version": "2.8.1"
  },
  {
    "base_url": "https://conda.anaconda.org/conda-forge",
    "build_number": 0,
    "build_string": "h3435931_0",
    "channel": "conda-forge",
    "dist_name": "libffi-3.5.2-h3435931_0",
    "name": "libffi",
    "platform": "linux-64",
    "version": "3.5.2"
  },
  {
    "base_url": "https://conda.anaconda.org/conda-forge",
    "build_number": 1,
    "build_string": "ha770c72_1",
    "channel": "conda-forge",
    "dist_name": "libfreetype-2.14.3-ha770c72_1",
    "name": "libfreetype",
    "platform": "linux-64",
    "version": "2.14.3"
  },
  {
    "base_url": "https://conda.anaconda.org/conda-forge",
    "build_number": 1,
    "build_string": "h73754d4_1",
    "channel": "conda-forge",
    "dist_name": "libfreetype6-2.14.3-h73754d4_1",
    "name": "libfreetype6",
    "platform": "linux-64",
    "version": "2.14.3"
  },
  {
    "base_url": "https://conda.anaconda.org/conda-forge",
    "build_number": 1,
    "build_string": "ha9f2e26_1",
    "channel": "conda-forge",
    "dist_name": "libgcc-16.1.0-ha9f2e26_1",
    "name": "libgcc",
    "platform": "linux-64",
    "version": "16.1.0"
  },
  {
    "base_url": "https://conda.anaconda.org/conda-forge",
    "build_number": 101,
    "build_string": "h59071f9_101",
    "channel": "conda-forge",
    "dist_name": "libgcc-devel_linux-64-16.1.0-h59071f9_101",
    "name": "libgcc-devel_linux-64",
    "platform": "noarch",
    "version": "16.1.0"
  },
  {
    "base_url": "https://conda.anaconda.org/conda-forge",
    "build_number": 1,
    "build_string": "h69a702a_1",
    "channel": "conda-forge",
    "dist_name": "libgcc-ng-16.1.0-h69a702a_1",
    "name": "libgcc-ng",
    "platform": "linux-64",
    "version": "16.1.0"
  },
  {
    "base_url": "https://conda.anaconda.org/conda-forge",
    "build_number": 1,
    "build_string": "h69a702a_1",
    "channel": "conda-forge",
    "dist_name": "libgfortran-16.1.0-h69a702a_1",
    "name": "libgfortran",
    "platform": "linux-64",
    "version": "16.1.0"
  },
  {
    "base_url": "https://conda.anaconda.org/conda-forge",
    "build_number": 1,
    "build_string": "h69a702a_1",
    "channel": "conda-forge",
    "dist_name": "libgfortran-ng-16.1.0-h69a702a_1",
    "name": "libgfortran-ng",
    "platform": "linux-64",
    "version": "16.1.0"
  },
  {
    "base_url": "https://conda.anaconda.org/conda-forge",
    "build_number": 1,
    "build_string": "h79bb938_1",
    "channel": "conda-forge",
    "dist_name": "libgfortran5-16.1.0-h79bb938_1",
    "name": "libgfortran5",
    "platform": "linux-64",
    "version": "16.1.0"
  },
  {
    "base_url": "https://conda.anaconda.org/conda-forge",
    "build_number": 0,
    "build_string": "h32235b2_0",
    "channel": "conda-forge",
    "dist_name": "libglib-2.86.2-h32235b2_0",
    "name": "libglib",
    "platform": "linux-64",
    "version": "2.86.2"
  },
  {
    "base_url": "https://conda.anaconda.org/conda-forge",
    "build_number": 1,
    "build_string": "he0feb66_1",
    "channel": "conda-forge",
    "dist_name": "libgomp-16.1.0-he0feb66_1",
    "name": "libgomp",
    "platform": "linux-64",
    "version": "16.1.0"
  },
  {
    "base_url": "https://conda.anaconda.org/conda-forge",
    "build_number": 2,
    "build_string": "h3b78370_2",
    "channel": "conda-forge",
    "dist_name": "libiconv-1.18-h3b78370_2",
    "name": "libiconv",
    "platform": "linux-64",
    "version": "1.18"
  },
  {
    "base_url": "https://conda.anaconda.org/conda-forge",
    "build_number": 0,
    "build_string": "hb03c661_0",
    "channel": "conda-forge",
    "dist_name": "libjpeg-turbo-3.2.0-hb03c661_0",
    "name": "libjpeg-turbo",
    "platform": "linux-64",
    "version": "3.2.0"
  },
  {
    "base_url": "https://conda.anaconda.org/conda-forge",
    "build_number": 8,
    "build_string": "8_h47877c9_openblas",
    "channel": "conda-forge",
    "dist_name": "liblapack-3.11.0-8_h47877c9_openblas",
    "name": "liblapack",
    "platform": "linux-64",
    "version": "3.11.0"
  },
  {
    "base_url": "https://conda.anaconda.org/conda-forge",
    "build_number": 0,
    "build_string": "hb03c661_0",
    "channel": "conda-forge",
    "dist_name": "liblzma-5.8.3-hb03c661_0",
    "name": "liblzma",
    "platform": "linux-64",
    "version": "5.8.3"
  },
  {
    "base_url": "https://conda.anaconda.org/conda-forge",
    "build_number": 0,
    "build_string": "h877daf1_0",
    "channel": "conda-forge",
    "dist_name": "libnghttp2-1.68.1-h877daf1_0",
    "name": "libnghttp2",
    "platform": "linux-64",
    "version": "1.68.1"
  },
  {
    "base_url": "https://conda.anaconda.org/conda-forge",
    "build_number": 0,
    "build_string": "pthreads_h94d23a6_0",
    "channel": "conda-forge",
    "dist_name": "libopenblas-0.3.33-pthreads_h94d23a6_0",
    "name": "libopenblas",
    "platform": "linux-64",
    "version": "0.3.33"
  },
  {
    "base_url": "https://conda.anaconda.org/conda-forge",
    "build_number": 0,
    "build_string": "h421ea60_0",
    "channel": "conda-forge",
    "dist_name": "libpng-1.6.58-h421ea60_0",
    "name": "libpng",
    "platform": "linux-64",
    "version": "1.6.58"
  },
  {
    "base_url": "https://conda.anaconda.org/conda-forge",
    "build_number": 1,
    "build_string": "hf2715c6_1",
    "channel": "conda-forge",
    "dist_name": "libsanitizer-16.1.0-hf2715c6_1",
    "name": "libsanitizer",
    "platform": "linux-64",
    "version": "16.1.0"
  },
  {
    "base_url": "https://conda.anaconda.org/conda-forge",
    "build_number": 0,
    "build_string": "hcf80075_0",
    "channel": "conda-forge",
    "dist_name": "libssh2-1.11.1-hcf80075_0",
    "name": "libssh2",
    "platform": "linux-64",
    "version": "1.11.1"
  },
  {
    "base_url": "https://conda.anaconda.org/conda-forge",
    "build_number": 1,
    "build_string": "h934c35e_1",
    "channel": "conda-forge",
    "dist_name": "libstdcxx-16.1.0-h934c35e_1",
    "name": "libstdcxx",
    "platform": "linux-64",
    "version": "16.1.0"
  },
  {
    "base_url": "https://conda.anaconda.org/conda-forge",
    "build_number": 101,
    "build_string": "h41cdd0d_101",
    "channel": "conda-forge",
    "dist_name": "libstdcxx-devel_linux-64-16.1.0-h41cdd0d_101",
    "name": "libstdcxx-devel_linux-64",
    "platform": "noarch",
    "version": "16.1.0"
  },
  {
    "base_url": "https://conda.anaconda.org/conda-forge",
    "build_number": 1,
    "build_string": "hdf11a46_1",
    "channel": "conda-forge",
    "dist_name": "libstdcxx-ng-16.1.0-hdf11a46_1",
    "name": "libstdcxx-ng",
    "platform": "linux-64",
    "version": "16.1.0"
  },
  {
    "base_url": "https://conda.anaconda.org/conda-forge",
    "build_number": 0,
    "build_string": "h9d88235_0",
    "channel": "conda-forge",
    "dist_name": "libtiff-4.7.2-h9d88235_0",
    "name": "libtiff",
    "platform": "linux-64",
    "version": "4.7.2"
  },
  {
    "base_url": "https://conda.anaconda.org/conda-forge",
    "build_number": 0,
    "build_string": "h5347b49_0",
    "channel": "conda-forge",
    "dist_name": "libuuid-2.42.2-h5347b49_0",
    "name": "libuuid",
    "platform": "linux-64",
    "version": "2.42.2"
  },
  {
    "base_url": "https://conda.anaconda.org/conda-forge",
    "build_number": 0,
    "build_string": "h280c20c_0",
    "channel": "conda-forge",
    "dist_name": "libuv-1.52.1-h280c20c_0",
    "name": "libuv",
    "platform": "linux-64",
    "version": "1.52.1"
  },
  {
    "base_url": "https://conda.anaconda.org/conda-forge",
    "build_number": 0,
    "build_string": "hd42ef1d_0",
    "channel": "conda-forge",
    "dist_name": "libwebp-base-1.6.0-hd42ef1d_0",
    "name": "libwebp-base",
    "platform": "linux-64",
    "version": "1.6.0"
  },
  {
    "base_url": "https://conda.anaconda.org/conda-forge",
    "build_number": 0,
    "build_string": "h8a09558_0",
    "channel": "conda-forge",
    "dist_name": "libxcb-1.17.0-h8a09558_0",
    "name": "libxcb",
    "platform": "linux-64",
    "version": "1.17.0"
  },
  {
    "base_url": "https://conda.anaconda.org/conda-forge",
    "build_number": 3,
    "build_string": "h25fd6f3_3",
    "channel": "conda-forge",
    "dist_name": "libzlib-1.3.2-h25fd6f3_3",
    "name": "libzlib",
    "platform": "linux-64",
    "version": "1.3.2"
  },
  {
    "base_url": "https://conda.anaconda.org/conda-forge",
    "build_number": 2,
    "build_string": "hb9d3cd8_2",
    "channel": "conda-forge",
    "dist_name": "make-4.4.1-hb9d3cd8_2",
    "name": "make",
    "platform": "linux-64",
    "version": "4.4.1"
  },
  {
    "base_url": "https://conda.anaconda.org/conda-forge",
    "build_number": 0,
    "build_string": "hdb14827_0",
    "channel": "conda-forge",
    "dist_name": "ncurses-6.6-hdb14827_0",
    "name": "ncurses",
    "platform": "linux-64",
    "version": "6.6"
  },
  {
    "base_url": "https://conda.anaconda.org/conda-forge",
    "build_number": 0,
    "build_string": "h35e630c_0",
    "channel": "conda-forge",
    "dist_name": "openssl-3.6.3-h35e630c_0",
    "name": "openssl",
    "platform": "linux-64",
    "version": "3.6.3"
  },
  {
    "base_url": "https://conda.anaconda.org/conda-forge",
    "build_number": 0,
    "build_string": "hadf4263_0",
    "channel": "conda-forge",
    "dist_name": "pango-1.56.4-hadf4263_0",
    "name": "pango",
    "platform": "linux-64",
    "version": "1.56.4"
  },
  {
    "base_url": "https://conda.anaconda.org/conda-forge",
    "build_number": 0,
    "build_string": "h1321c63_0",
    "channel": "conda-forge",
    "dist_name": "pcre2-10.46-h1321c63_0",
    "name": "pcre2",
    "platform": "linux-64",
    "version": "10.46"
  },
  {
    "base_url": "https://conda.anaconda.org/conda-forge",
    "build_number": 2,
    "build_string": "h54a6638_2",
    "channel": "conda-forge",
    "dist_name": "pixman-0.46.4-h54a6638_2",
    "name": "pixman",
    "platform": "linux-64",
    "version": "0.46.4"
  },
  {
    "base_url": "https://conda.anaconda.org/conda-forge",
    "build_number": 1002,
    "build_string": "hb9d3cd8_1002",
    "channel": "conda-forge",
    "dist_name": "pthread-stubs-0.4-hb9d3cd8_1002",
    "name": "pthread-stubs",
    "platform": "linux-64",
    "version": "0.4"
  },
  {
    "base_url": "https://conda.anaconda.org/conda-forge",
    "build_number": 6,
    "build_string": "r44hc72bb7e_6",
    "channel": "conda-forge",
    "dist_name": "r-assertthat-0.2.1-r44hc72bb7e_6",
    "name": "r-assertthat",
    "platform": "noarch",
    "version": "0.2.1"
  },
  {
    "base_url": "https://conda.anaconda.org/conda-forge",
    "build_number": 4,
    "build_string": "h14df4e6_4",
    "channel": "conda-forge",
    "dist_name": "r-base-4.4.3-h14df4e6_4",
    "name": "r-base",
    "platform": "linux-64",
    "version": "4.4.3"
  },
  {
    "base_url": "https://conda.anaconda.org/conda-forge",
    "build_number": 2,
    "build_string": "r44h54b55ab_2",
    "channel": "conda-forge",
    "dist_name": "r-brio-1.1.5-r44h54b55ab_2",
    "name": "r-brio",
    "platform": "linux-64",
    "version": "1.1.5"
  },
  {
    "base_url": "https://conda.anaconda.org/conda-forge",
    "build_number": 2,
    "build_string": "r44hc72bb7e_2",
    "channel": "conda-forge",
    "dist_name": "r-callr-3.7.6-r44hc72bb7e_2",
    "name": "r-callr",
    "platform": "noarch",
    "version": "3.7.6"
  },
  {
    "base_url": "https://conda.anaconda.org/conda-forge",
    "build_number": 0,
    "build_string": "r44h3697838_0",
    "channel": "conda-forge",
    "dist_name": "r-cli-3.6.6-r44h3697838_0",
    "name": "r-cli",
    "platform": "linux-64",
    "version": "3.6.6"
  },
  {
    "base_url": "https://conda.anaconda.org/conda-forge",
    "build_number": 2,
    "build_string": "r44hc72bb7e_2",
    "channel": "conda-forge",
    "dist_name": "r-crayon-1.5.3-r44hc72bb7e_2",
    "name": "r-crayon",
    "platform": "noarch",
    "version": "1.5.3"
  },
  {
    "base_url": "https://conda.anaconda.org/conda-forge",
    "build_number": 2,
    "build_string": "r44hc72bb7e_2",
    "channel": "conda-forge",
    "dist_name": "r-desc-1.4.3-r44hc72bb7e_2",
    "name": "r-desc",
    "platform": "noarch",
    "version": "1.4.3"
  },
  {
    "base_url": "https://conda.anaconda.org/conda-forge",
    "build_number": 0,
    "build_string": "r44h54b55ab_0",
    "channel": "conda-forge",
    "dist_name": "r-diffobj-0.3.8-r44h54b55ab_0",
    "name": "r-diffobj",
    "platform": "linux-64",
    "version": "0.3.8"
  },
  {
    "base_url": "https://conda.anaconda.org/conda-forge",
    "build_number": 0,
    "build_string": "r44h3697838_0",
    "channel": "conda-forge",
    "dist_name": "r-digest-0.6.39-r44h3697838_0",
    "name": "r-digest",
    "platform": "linux-64",
    "version": "0.6.39"
  },
  {
    "base_url": "https://conda.anaconda.org/conda-forge",
    "build_number": 0,
    "build_string": "r44h54b55ab_0",
    "channel": "conda-forge",
    "dist_name": "r-ellipsis-0.3.3-r44h54b55ab_0",
    "name": "r-ellipsis",
    "platform": "linux-64",
    "version": "0.3.3"
  },
  {
    "base_url": "https://conda.anaconda.org/conda-forge",
    "build_number": 1,
    "build_string": "r44hc72bb7e_1",
    "channel": "conda-forge",
    "dist_name": "r-evaluate-1.0.5-r44hc72bb7e_1",
    "name": "r-evaluate",
    "platform": "noarch",
    "version": "1.0.5"
  },
  {
    "base_url": "https://conda.anaconda.org/conda-forge",
    "build_number": 0,
    "build_string": "r44h54b55ab_0",
    "channel": "conda-forge",
    "dist_name": "r-fansi-1.0.7-r44h54b55ab_0",
    "name": "r-fansi",
    "platform": "linux-64",
    "version": "1.0.7"
  },
  {
    "base_url": "https://conda.anaconda.org/conda-forge",
    "build_number": 0,
    "build_string": "r44h3697838_0",
    "channel": "conda-forge",
    "dist_name": "r-fs-2.1.0-r44h3697838_0",
    "name": "r-fs",
    "platform": "linux-64",
    "version": "2.1.0"
  },
  {
    "base_url": "https://conda.anaconda.org/conda-forge",
    "build_number": 0,
    "build_string": "r44h54b55ab_0",
    "channel": "conda-forge",
    "dist_name": "r-glue-1.8.1-r44h54b55ab_0",
    "name": "r-glue",
    "platform": "linux-64",
    "version": "1.8.1"
  },
  {
    "base_url": "https://conda.anaconda.org/conda-forge",
    "build_number": 1,
    "build_string": "r44h54b55ab_1",
    "channel": "conda-forge",
    "dist_name": "r-jsonlite-2.0.0-r44h54b55ab_1",
    "name": "r-jsonlite",
    "platform": "linux-64",
    "version": "2.0.0"
  },
  {
    "base_url": "https://conda.anaconda.org/conda-forge",
    "build_number": 0,
    "build_string": "r44hc72bb7e_0",
    "channel": "conda-forge",
    "dist_name": "r-lifecycle-1.0.5-r44hc72bb7e_0",
    "name": "r-lifecycle",
    "platform": "noarch",
    "version": "1.0.5"
  },
  {
    "base_url": "https://conda.anaconda.org/conda-forge",
    "build_number": 0,
    "build_string": "r44h54b55ab_0",
    "channel": "conda-forge",
    "dist_name": "r-magrittr-2.0.5-r44h54b55ab_0",
    "name": "r-magrittr",
    "platform": "linux-64",
    "version": "2.0.5"
  },
  {
    "base_url": "https://conda.anaconda.org/conda-forge",
    "build_number": 0,
    "build_string": "r44hc72bb7e_0",
    "channel": "conda-forge",
    "dist_name": "r-pillar-1.11.1-r44hc72bb7e_0",
    "name": "r-pillar",
    "platform": "noarch",
    "version": "1.11.1"
  },
  {
    "base_url": "https://conda.anaconda.org/conda-forge",
    "build_number": 1,
    "build_string": "r44hc72bb7e_1",
    "channel": "conda-forge",
    "dist_name": "r-pkgbuild-1.4.8-r44hc72bb7e_1",
    "name": "r-pkgbuild",
    "platform": "noarch",
    "version": "1.4.8"
  },
  {
    "base_url": "https://conda.anaconda.org/conda-forge",
    "build_number": 5,
    "build_string": "r44hc72bb7e_5",
    "channel": "conda-forge",
    "dist_name": "r-pkgconfig-2.0.3-r44hc72bb7e_5",
    "name": "r-pkgconfig",
    "platform": "noarch",
    "version": "2.0.3"
  },
  {
    "base_url": "https://conda.anaconda.org/conda-forge",
    "build_number": 0,
    "build_string": "r44hc72bb7e_0",
    "channel": "conda-forge",
    "dist_name": "r-pkgload-1.5.3-r44hc72bb7e_0",
    "name": "r-pkgload",
    "platform": "noarch",
    "version": "1.5.3"
  },
  {
    "base_url": "https://conda.anaconda.org/conda-forge",
    "build_number": 1009,
    "build_string": "r44hc72bb7e_1009",
    "channel": "conda-forge",
    "dist_name": "r-praise-1.0.0-r44hc72bb7e_1009",
    "name": "r-praise",
    "platform": "noarch",
    "version": "1.0.0"
  },
  {
    "base_url": "https://conda.anaconda.org/conda-forge",
    "build_number": 2,
    "build_string": "r44hc72bb7e_2",
    "channel": "conda-forge",
    "dist_name": "r-prettyunits-1.2.0-r44hc72bb7e_2",
    "name": "r-prettyunits",
    "platform": "noarch",
    "version": "1.2.0"
  },
  {
    "base_url": "https://conda.anaconda.org/conda-forge",
    "build_number": 0,
    "build_string": "r44h54b55ab_0",
    "channel": "conda-forge",
    "dist_name": "r-processx-3.9.0-r44h54b55ab_0",
    "name": "r-processx",
    "platform": "linux-64",
    "version": "3.9.0"
  },
  {
    "base_url": "https://conda.anaconda.org/conda-forge",
    "build_number": 0,
    "build_string": "r44h54b55ab_0",
    "channel": "conda-forge",
    "dist_name": "r-ps-1.9.3-r44h54b55ab_0",
    "name": "r-ps",
    "platform": "linux-64",
    "version": "1.9.3"
  },
  {
    "base_url": "https://conda.anaconda.org/conda-forge",
    "build_number": 1,
    "build_string": "r44hc72bb7e_1",
    "channel": "conda-forge",
    "dist_name": "r-r6-2.6.1-r44hc72bb7e_1",
    "name": "r-r6",
    "platform": "noarch",
    "version": "2.6.1"
  },
  {
    "base_url": "https://conda.anaconda.org/conda-forge",
    "build_number": 5,
    "build_string": "r44hc72bb7e_5",
    "channel": "conda-forge",
    "dist_name": "r-rematch2-2.1.2-r44hc72bb7e_5",
    "name": "r-rematch2",
    "platform": "noarch",
    "version": "2.1.2"
  },
  {
    "base_url": "https://conda.anaconda.org/conda-forge",
    "build_number": 0,
    "build_string": "r44h3697838_0",
    "channel": "conda-forge",
    "dist_name": "r-rlang-1.3.0-r44h3697838_0",
    "name": "r-rlang",
    "platform": "linux-64",
    "version": "1.3.0"
  },
  {
    "base_url": "https://conda.anaconda.org/conda-forge",
    "build_number": 1,
    "build_string": "r44hc72bb7e_1",
    "channel": "conda-forge",
    "dist_name": "r-rprojroot-2.1.1-r44hc72bb7e_1",
    "name": "r-rprojroot",
    "platform": "noarch",
    "version": "2.1.1"
  },
  {
    "base_url": "https://conda.anaconda.org/conda-forge",
    "build_number": 2,
    "build_string": "r44h3697838_2",
    "channel": "conda-forge",
    "dist_name": "r-testthat-3.2.3-r44h3697838_2",
    "name": "r-testthat",
    "platform": "linux-64",
    "version": "3.2.3"
  },
  {
    "base_url": "https://conda.anaconda.org/conda-forge",
    "build_number": 0,
    "build_string": "r44h54b55ab_0",
    "channel": "conda-forge",
    "dist_name": "r-tibble-3.3.1-r44h54b55ab_0",
    "name": "r-tibble",
    "platform": "linux-64",
    "version": "3.3.1"
  },
  {
    "base_url": "https://conda.anaconda.org/conda-forge",
    "build_number": 1,
    "build_string": "r44h54b55ab_1",
    "channel": "conda-forge",
    "dist_name": "r-utf8-1.2.6-r44h54b55ab_1",
    "name": "r-utf8",
    "platform": "linux-64",
    "version": "1.2.6"
  },
  {
    "base_url": "https://conda.anaconda.org/conda-forge",
    "build_number": 0,
    "build_string": "r44h3697838_0",
    "channel": "conda-forge",
    "dist_name": "r-vctrs-0.7.3-r44h3697838_0",
    "name": "r-vctrs",
    "platform": "linux-64",
    "version": "0.7.3"
  },
  {
    "base_url": "https://conda.anaconda.org/conda-forge",
    "build_number": 1,
    "build_string": "r44hc72bb7e_1",
    "channel": "conda-forge",
    "dist_name": "r-waldo-0.6.2-r44hc72bb7e_1",
    "name": "r-waldo",
    "platform": "noarch",
    "version": "0.6.2"
  },
  {
    "base_url": "https://conda.anaconda.org/conda-forge",
    "build_number": 0,
    "build_string": "r44hc72bb7e_0",
    "channel": "conda-forge",
    "dist_name": "r-withr-3.0.3-r44hc72bb7e_0",
    "name": "r-withr",
    "platform": "noarch",
    "version": "3.0.3"
  },
  {
    "base_url": "https://conda.anaconda.org/conda-forge",
    "build_number": 0,
    "build_string": "h853b02a_0",
    "channel": "conda-forge",
    "dist_name": "readline-8.3-h853b02a_0",
    "name": "readline",
    "platform": "linux-64",
    "version": "8.3"
  },
  {
    "base_url": "https://conda.anaconda.org/conda-forge",
    "build_number": 0,
    "build_string": "h19d0853_0",
    "channel": "conda-forge",
    "dist_name": "sed-4.10-h19d0853_0",
    "name": "sed",
    "platform": "linux-64",
    "version": "4.10"
  },
  {
    "base_url": "https://conda.anaconda.org/conda-forge",
    "build_number": 6,
    "build_string": "hc4b9eeb_6",
    "channel": "conda-forge",
    "dist_name": "sysroot_linux-64-2.39-hc4b9eeb_6",
    "name": "sysroot_linux-64",
    "platform": "noarch",
    "version": "2.39"
  },
  {
    "base_url": "https://conda.anaconda.org/conda-forge",
    "build_number": 103,
    "build_string": "noxft_hd70dff1_3",
    "channel": "conda-forge",
    "dist_name": "tk-8.6.13-noxft_hd70dff1_3",
    "name": "tk",
    "platform": "linux-64",
    "version": "8.6.13"
  },
  {
    "base_url": "https://conda.anaconda.org/conda-forge",
    "build_number": 8,
    "build_string": "h5a7a40f_8",
    "channel": "conda-forge",
    "dist_name": "tktable-2.10-h5a7a40f_8",
    "name": "tktable",
    "platform": "linux-64",
    "version": "2.10"
  },
  {
    "base_url": "https://conda.anaconda.org/conda-forge",
    "build_number": 0,
    "build_string": "h151e31d_0",
    "channel": "conda-forge",
    "dist_name": "tzdata-2026c-h151e31d_0",
    "name": "tzdata",
    "platform": "noarch",
    "version": "2026c"
  },
  {
    "base_url": "https://conda.anaconda.org/conda-forge",
    "build_number": 0,
    "build_string": "hb9d3cd8_0",
    "channel": "conda-forge",
    "dist_name": "xorg-libice-1.1.2-hb9d3cd8_0",
    "name": "xorg-libice",
    "platform": "linux-64",
    "version": "1.1.2"
  },
  {
    "base_url": "https://conda.anaconda.org/conda-forge",
    "build_number": 0,
    "build_string": "he73a12e_0",
    "channel": "conda-forge",
    "dist_name": "xorg-libsm-1.2.6-he73a12e_0",
    "name": "xorg-libsm",
    "platform": "linux-64",
    "version": "1.2.6"
  },
  {
    "base_url": "https://conda.anaconda.org/conda-forge",
    "build_number": 0,
    "build_string": "he1eb515_0",
    "channel": "conda-forge",
    "dist_name": "xorg-libx11-1.8.13-he1eb515_0",
    "name": "xorg-libx11",
    "platform": "linux-64",
    "version": "1.8.13"
  },
  {
    "base_url": "https://conda.anaconda.org/conda-forge",
    "build_number": 1,
    "build_string": "hb03c661_1",
    "channel": "conda-forge",
    "dist_name": "xorg-libxau-1.0.12-hb03c661_1",
    "name": "xorg-libxau",
    "platform": "linux-64",
    "version": "1.0.12"
  },
  {
    "base_url": "https://conda.anaconda.org/conda-forge",
    "build_number": 1,
    "build_string": "hb03c661_1",
    "channel": "conda-forge",
    "dist_name": "xorg-libxdmcp-1.1.5-hb03c661_1",
    "name": "xorg-libxdmcp",
    "platform": "linux-64",
    "version": "1.1.5"
  },
  {
    "base_url": "https://conda.anaconda.org/conda-forge",
    "build_number": 0,
    "build_string": "hb03c661_0",
    "channel": "conda-forge",
    "dist_name": "xorg-libxext-1.3.7-hb03c661_0",
    "name": "xorg-libxext",
    "platform": "linux-64",
    "version": "1.3.7"
  },
  {
    "base_url": "https://conda.anaconda.org/conda-forge",
    "build_number": 0,
    "build_string": "hb9d3cd8_0",
    "channel": "conda-forge",
    "dist_name": "xorg-libxrender-0.9.12-hb9d3cd8_0",
    "name": "xorg-libxrender",
    "platform": "linux-64",
    "version": "0.9.12"
  },
  {
    "base_url": "https://conda.anaconda.org/conda-forge",
    "build_number": 0,
    "build_string": "hb9d3cd8_0",
    "channel": "conda-forge",
    "dist_name": "xorg-libxt-1.3.1-hb9d3cd8_0",
    "name": "xorg-libxt",
    "platform": "linux-64",
    "version": "1.3.1"
  },
  {
    "base_url": "https://conda.anaconda.org/conda-forge",
    "build_number": 6,
    "build_string": "hb78ec9c_6",
    "channel": "conda-forge",
    "dist_name": "zstd-1.5.7-hb78ec9c_6",
    "name": "zstd",
    "platform": "linux-64",
    "version": "1.5.7"
  }
]