Python 3.11.15
Looking in links: /tmp/statqed-sq0002-python-wheelhouse
Ignoring colorama: markers 'os_name == "nt" or sys_platform == "win32"' don't match your environment
Processing /tmp/statqed-sq0002-python-wheelhouse/build-1.5.0-py3-none-any.whl (from -r /tmp/statqed-sq0002-resume/docs/research/toolchain-prototypes/python/probe-requirements.lock (line 3))
Processing /tmp/statqed-sq0002-python-wheelhouse/hatchling-1.31.0-py3-none-any.whl (from -r /tmp/statqed-sq0002-resume/docs/research/toolchain-prototypes/python/probe-requirements.lock (line 13))
Processing /tmp/statqed-sq0002-python-wheelhouse/iniconfig-2.3.0-py3-none-any.whl (from -r /tmp/statqed-sq0002-resume/docs/research/toolchain-prototypes/python/probe-requirements.lock (line 17))
Processing /tmp/statqed-sq0002-python-wheelhouse/packaging-26.2-py3-none-any.whl (from -r /tmp/statqed-sq0002-resume/docs/research/toolchain-prototypes/python/probe-requirements.lock (line 21))
Processing /tmp/statqed-sq0002-python-wheelhouse/pathspec-1.1.1-py3-none-any.whl (from -r /tmp/statqed-sq0002-resume/docs/research/toolchain-prototypes/python/probe-requirements.lock (line 29))
Processing /tmp/statqed-sq0002-python-wheelhouse/pip-26.2-py3-none-any.whl (from -r /tmp/statqed-sq0002-resume/docs/research/toolchain-prototypes/python/probe-requirements.lock (line 33))
Processing /tmp/statqed-sq0002-python-wheelhouse/pluggy-1.6.0-py3-none-any.whl (from -r /tmp/statqed-sq0002-resume/docs/research/toolchain-prototypes/python/probe-requirements.lock (line 37))
Processing /tmp/statqed-sq0002-python-wheelhouse/pygments-2.20.0-py3-none-any.whl (from -r /tmp/statqed-sq0002-resume/docs/research/toolchain-prototypes/python/probe-requirements.lock (line 43))
Processing /tmp/statqed-sq0002-python-wheelhouse/pyproject_hooks-1.2.0-py3-none-any.whl (from -r /tmp/statqed-sq0002-resume/docs/research/toolchain-prototypes/python/probe-requirements.lock (line 47))
Processing /tmp/statqed-sq0002-python-wheelhouse/pytest-9.1.1-py3-none-any.whl (from -r /tmp/statqed-sq0002-resume/docs/research/toolchain-prototypes/python/probe-requirements.lock (line 51))
Processing /tmp/statqed-sq0002-python-wheelhouse/trove_classifiers-2026.6.1.19-py3-none-any.whl (from -r /tmp/statqed-sq0002-resume/docs/research/toolchain-prototypes/python/probe-requirements.lock (line 55))
Installing collected packages: trove-classifiers, pyproject-hooks, pygments, pluggy, pip, pathspec, packaging, iniconfig, pytest, hatchling, build
  Attempting uninstall: pip
    Found existing installation: pip 24.0
    Uninstalling pip-24.0:
      Successfully uninstalled pip-24.0
Successfully installed build-1.5.0 hatchling-1.31.0 iniconfig-2.3.0 packaging-26.2 pathspec-1.1.1 pip-26.2 pluggy-1.6.0 pygments-2.20.0 pyproject-hooks-1.2.0 pytest-9.1.1 trove-classifiers-2026.6.1.19
{"build": "1.5.0", "hatchling": "1.31.0", "packaging": "26.2", "pip": "26.2", "pytest": "9.1.1"}
No broken requirements found.
Successfully built statqed_python_toolchain_probe-0.0.0.tar.gz and statqed_python_toolchain_probe-0.0.0-py3-none-any.whl
ed8a6dd1bda481a30dfa4a1fc04672a0c9276a12dc1492ed0e5a43f1e4218071  statqed_python_toolchain_probe-0.0.0-py3-none-any.whl
ec80e423866a1915cd82206a8caa078f1c91cf10ab47949be35565db6c15bac1  statqed_python_toolchain_probe-0.0.0.tar.gz
Looking in links: /tmp/statqed-sq0002-python-wheelhouse
Ignoring colorama: markers 'os_name == "nt" or sys_platform == "win32"' don't match your environment
Processing /tmp/statqed-sq0002-python-wheelhouse/build-1.5.0-py3-none-any.whl (from -r /tmp/statqed-sq0002-resume/docs/research/toolchain-prototypes/python/probe-requirements.lock (line 3))
Processing /tmp/statqed-sq0002-python-wheelhouse/hatchling-1.31.0-py3-none-any.whl (from -r /tmp/statqed-sq0002-resume/docs/research/toolchain-prototypes/python/probe-requirements.lock (line 13))
Processing /tmp/statqed-sq0002-python-wheelhouse/iniconfig-2.3.0-py3-none-any.whl (from -r /tmp/statqed-sq0002-resume/docs/research/toolchain-prototypes/python/probe-requirements.lock (line 17))
Processing /tmp/statqed-sq0002-python-wheelhouse/packaging-26.2-py3-none-any.whl (from -r /tmp/statqed-sq0002-resume/docs/research/toolchain-prototypes/python/probe-requirements.lock (line 21))
Processing /tmp/statqed-sq0002-python-wheelhouse/pathspec-1.1.1-py3-none-any.whl (from -r /tmp/statqed-sq0002-resume/docs/research/toolchain-prototypes/python/probe-requirements.lock (line 29))
Processing /tmp/statqed-sq0002-python-wheelhouse/pip-26.2-py3-none-any.whl (from -r /tmp/statqed-sq0002-resume/docs/research/toolchain-prototypes/python/probe-requirements.lock (line 33))
Processing /tmp/statqed-sq0002-python-wheelhouse/pluggy-1.6.0-py3-none-any.whl (from -r /tmp/statqed-sq0002-resume/docs/research/toolchain-prototypes/python/probe-requirements.lock (line 37))
Processing /tmp/statqed-sq0002-python-wheelhouse/pygments-2.20.0-py3-none-any.whl (from -r /tmp/statqed-sq0002-resume/docs/research/toolchain-prototypes/python/probe-requirements.lock (line 43))
Processing /tmp/statqed-sq0002-python-wheelhouse/pyproject_hooks-1.2.0-py3-none-any.whl (from -r /tmp/statqed-sq0002-resume/docs/research/toolchain-prototypes/python/probe-requirements.lock (line 47))
Processing /tmp/statqed-sq0002-python-wheelhouse/pytest-9.1.1-py3-none-any.whl (from -r /tmp/statqed-sq0002-resume/docs/research/toolchain-prototypes/python/probe-requirements.lock (line 51))
Processing /tmp/statqed-sq0002-python-wheelhouse/trove_classifiers-2026.6.1.19-py3-none-any.whl (from -r /tmp/statqed-sq0002-resume/docs/research/toolchain-prototypes/python/probe-requirements.lock (line 55))
Installing collected packages: trove-classifiers, pyproject-hooks, pygments, pluggy, pip, pathspec, packaging, iniconfig, pytest, hatchling, build
  Attempting uninstall: pip
    Found existing installation: pip 24.0
    Uninstalling pip-24.0:
      Successfully uninstalled pip-24.0
Successfully installed build-1.5.0 hatchling-1.31.0 iniconfig-2.3.0 packaging-26.2 pathspec-1.1.1 pip-26.2 pluggy-1.6.0 pygments-2.20.0 pyproject-hooks-1.2.0 pytest-9.1.1 trove-classifiers-2026.6.1.19
Looking in links: /tmp/statqed-sq0002-python-wheelhouse
Processing /tmp/statqed-sq0002-python-verify-9DDMzO/work/supported-3-11-15/dist/statqed_python_toolchain_probe-0.0.0-py3-none-any.whl
Installing collected packages: statqed-python-toolchain-probe
Successfully installed statqed-python-toolchain-probe-0.0.0
No broken requirements found.
..                                                                       [100%]
2 passed in 0.01s
{
  "distribution_version": "0.0.0",
  "executable": "/tmp/statqed-sq0002-python-verify-9DDMzO/work/supported-3-11-15/installed/bin/python",
  "implementation": "CPython",
  "platform": "linux-x86_64",
  "python": "3.11.15 (main, Jul 18 2026, 17:02:49) [Clang 22.1.3 ]",
  "requires_python": ">=3.11",
  "requires_python_accepts_runtime": true,
  "soabi": "cpython-311-x86_64-linux-gnu",
  "tool_versions": {
    "build": "1.5.0",
    "hatchling": "1.31.0",
    "packaging": "26.2",
    "pip": "26.2",
    "pytest": "9.1.1"
  },
  "wheel": "statqed_python_toolchain_probe-0.0.0-py3-none-any.whl",
  "wheel_metadata_has_requires_python": true,
  "wheel_sha256": "ed8a6dd1bda481a30dfa4a1fc04672a0c9276a12dc1492ed0e5a43f1e4218071"
}
Linux lukas-Lenovo-Legion-7-15IMHg05 7.0.0-28-generic #28~24.04.1-Ubuntu SMP PREEMPT_DYNAMIC Wed Jul  1 15:50:57 UTC 2 x86_64 x86_64 x86_64 GNU/Linux
PRETTY_NAME="Ubuntu 24.04.4 LTS"
NAME="Ubuntu"
VERSION_ID="24.04"
VERSION="24.04.4 LTS (Noble Numbat)"
VERSION_CODENAME=noble
ID=ubuntu
ID_LIKE=debian
HOME_URL="https://www.ubuntu.com/"
SUPPORT_URL="https://help.ubuntu.com/"
BUG_REPORT_URL="https://bugs.launchpad.net/ubuntu/"
PRIVACY_POLICY_URL="https://www.ubuntu.com/legal/terms-and-policies/privacy-policy"
UBUNTU_CODENAME=noble
LOGO=ubuntu-logo
LANG=C.UTF-8
LANGUAGE=en_US
LC_CTYPE="C.UTF-8"
LC_NUMERIC="C.UTF-8"
LC_TIME="C.UTF-8"
LC_COLLATE="C.UTF-8"
LC_MONETARY="C.UTF-8"
LC_MESSAGES="C.UTF-8"
LC_PAPER="C.UTF-8"
LC_NAME="C.UTF-8"
LC_ADDRESS="C.UTF-8"
LC_TELEPHONE="C.UTF-8"
LC_MEASUREMENT="C.UTF-8"
LC_IDENTIFICATION="C.UTF-8"
LC_ALL=C.UTF-8
38f5ea6de9a5ec9512e9788b9104423d489a0cd5b39dbab939af5e0837bc8dbf  pyproject.toml
ed9874d63a5081874b3a366d15c60f4608da52f1ddab8dbb6db49495b282cffb  probe-requirements.in
0fcf65ff2348ef6356caad22169b7b907f6899069749b70660ef76e7ba7730b3  probe-requirements.lock
13c447fd6898eab2c0e4288ca486a76731d12a8bcee424db692c31c4556e1f0e  run_probes.py
75b49377175211fc53ef80c30a69cf552f02e176d7f7e44cb6537cba95274595  src/statqed_python_toolchain_probe/__init__.py
097db4dd7d8ef302f53bc5e33f35e92075d762eb24c7998e986b863305be7c7f  tests/test_package.py
verified hash-bound Python floor probe
