   Compiling proc-macro2 v1.0.107
   Compiling unicode-ident v1.0.24
   Compiling quote v1.0.47
   Compiling libm v0.2.16
   Compiling autocfg v1.5.1
    Checking cfg-if v1.0.4
   Compiling zerocopy v0.8.55
   Compiling libc v0.2.189
   Compiling version_check v0.9.5
   Compiling getrandom v0.3.4
    Checking hashbrown v0.17.1
    Checking bytes v1.12.1
    Checking iana-time-zone v0.1.65
    Checking once_cell v1.21.4
    Checking arrow-schema v59.1.0
    Checking lexical-util v1.0.7
    Checking memchr v2.8.3
   Compiling semver v1.0.28
    Checking typenum v1.20.1
   Compiling find-msvc-tools v0.1.9
   Compiling ahash v0.8.12
   Compiling shlex v2.0.1
   Compiling serde_core v1.0.229
    Checking utf8parse v0.2.2
    Checking regex-syntax v0.8.11
   Compiling num-traits v0.2.19
   Compiling cc v1.4.0
    Checking colorchoice v1.0.5
   Compiling rustc_version v0.4.1
    Checking anstyle-parse v1.0.0
    Checking lexical-parse-integer v1.0.6
    Checking aho-corasick v1.1.5
    Checking lexical-write-integer v1.0.6
    Checking lexical-parse-float v1.0.6
   Compiling zmij v1.0.23
    Checking anstyle v1.0.14
    Checking anstyle-query v1.1.5
   Compiling crc32fast v1.5.0
    Checking is_terminal_polyfill v1.70.2
    Checking bitflags v2.13.1
   Compiling flatbuffers v25.12.19
   Compiling heck v0.5.0
    Checking anstream v1.0.0
    Checking lexical-write-float v1.0.6
   Compiling serde v1.0.229
    Checking clap_lex v1.1.0
   Compiling serde_json v1.0.151
    Checking const-oid v0.10.2
    Checking base64 v0.22.1
    Checking ryu v1.0.23
    Checking cpufeatures v0.3.0
    Checking equivalent v1.0.2
    Checking strsim v0.11.1
    Checking indexmap v2.14.0
    Checking lexical-core v1.0.6
    Checking hybrid-array v0.4.14
    Checking clap_builder v4.6.5
    Checking arrayvec v0.7.8
    Checking constant_time_eq v0.4.2
    Checking arrayref v0.3.9
    Checking typed-path v0.12.3
    Checking itoa v1.0.18
   Compiling syn v2.0.119
   Compiling syn v3.0.3
   Compiling blake3 v1.8.5
    Checking crypto-common v0.2.2
    Checking block-buffer v0.12.1
    Checking zip v7.2.0
    Checking num-integer v0.1.46
    Checking chrono v0.4.45
    Checking num-complex v0.4.6
    Checking atoi v2.0.0
    Checking regex-automata v0.4.18
    Checking num-bigint v0.4.8
    Checking digest v0.11.3
    Checking sha2 v0.11.0
   Compiling zerocopy-derive v0.8.55
    Checking regex v1.13.1
   Compiling serde_derive v1.0.229
   Compiling clap_derive v4.6.4
    Checking clap v4.6.5
    Checking half v2.7.1
    Checking arrow-buffer v59.1.0
    Checking arrow-data v59.1.0
    Checking arrow-array v59.1.0
    Checking arrow-select v59.1.0
    Checking arrow-row v59.1.0
    Checking arrow-arith v59.1.0
    Checking arrow-ord v59.1.0
    Checking arrow-ipc v59.1.0
    Checking arrow-string v59.1.0
    Checking arrow-cast v59.1.0
    Checking arrow v59.1.0
    Checking statqed-rust-compat-probe v0.0.0 (/tmp/statqed-sq0002-resume/docs/research/toolchain-prototypes/rust/crates/compat-probe)
    Finished `dev` profile [unoptimized + debuginfo] target(s) in 20.05s
   Compiling cfg-if v1.0.4
   Compiling hashbrown v0.17.1
   Compiling bytes v1.12.1
   Compiling once_cell v1.21.4
   Compiling arrow-schema v59.1.0
   Compiling iana-time-zone v0.1.65
   Compiling lexical-util v1.0.7
   Compiling memchr v2.8.3
   Compiling libm v0.2.16
   Compiling libc v0.2.189
   Compiling typenum v1.20.1
   Compiling regex-syntax v0.8.11
   Compiling utf8parse v0.2.2
   Compiling zerocopy v0.8.55
   Compiling is_terminal_polyfill v1.70.2
   Compiling anstyle v1.0.14
   Compiling colorchoice v1.0.5
   Compiling anstyle-parse v1.0.0
   Compiling bitflags v2.13.1
   Compiling anstyle-query v1.1.5
   Compiling serde_core v1.0.229
   Compiling ryu v1.0.23
   Compiling anstream v1.0.0
   Compiling flatbuffers v25.12.19
   Compiling equivalent v1.0.2
   Compiling cpufeatures v0.3.0
   Compiling clap_lex v1.1.0
   Compiling base64 v0.22.1
   Compiling const-oid v0.10.2
   Compiling lexical-parse-integer v1.0.6
   Compiling aho-corasick v1.1.5
   Compiling lexical-write-integer v1.0.6
   Compiling strsim v0.11.1
   Compiling indexmap v2.14.0
   Compiling crc32fast v1.5.0
   Compiling lexical-parse-float v1.0.6
   Compiling zmij v1.0.23
   Compiling arrayvec v0.7.8
   Compiling clap_builder v4.6.5
   Compiling lexical-write-float v1.0.6
   Compiling typed-path v0.12.3
   Compiling arrayref v0.3.9
   Compiling constant_time_eq v0.4.2
   Compiling itoa v1.0.18
   Compiling lexical-core v1.0.6
   Compiling num-traits v0.2.19
   Compiling getrandom v0.3.4
   Compiling blake3 v1.8.5
   Compiling hybrid-array v0.4.14
   Compiling num-integer v0.1.46
   Compiling chrono v0.4.45
   Compiling num-complex v0.4.6
   Compiling atoi v2.0.0
   Compiling num-bigint v0.4.8
   Compiling block-buffer v0.12.1
   Compiling crypto-common v0.2.2
   Compiling regex-automata v0.4.18
   Compiling zip v7.2.0
   Compiling serde_json v1.0.151
   Compiling serde v1.0.229
   Compiling digest v0.11.3
   Compiling clap v4.6.5
   Compiling sha2 v0.11.0
   Compiling regex v1.13.1
   Compiling half v2.7.1
   Compiling ahash v0.8.12
   Compiling arrow-buffer v59.1.0
   Compiling arrow-data v59.1.0
   Compiling arrow-array v59.1.0
   Compiling arrow-select v59.1.0
   Compiling arrow-row v59.1.0
   Compiling arrow-arith v59.1.0
   Compiling arrow-ord v59.1.0
   Compiling arrow-string v59.1.0
   Compiling arrow-ipc v59.1.0
   Compiling arrow-cast v59.1.0
   Compiling arrow v59.1.0
   Compiling statqed-rust-compat-probe v0.0.0 (/tmp/statqed-sq0002-resume/docs/research/toolchain-prototypes/rust/crates/compat-probe)
    Finished `test` profile [unoptimized + debuginfo] target(s) in 26.92s
     Running unittests src/lib.rs (/tmp/statqed-sq0002-rust-verify.bcZeQx/target-msrv/debug/deps/statqed_rust_compat_probe-4e87081cf1eb0229)
     Running unittests src/main.rs (/tmp/statqed-sq0002-rust-verify.bcZeQx/target-msrv/debug/deps/statqed_rust_compat_probe-222107fc28415e33)
