{
  "distribution_version": "0.0.0",
  "executable": "/tmp/statqed-sq0002-python/supported-3-14-6/installed/bin/python",
  "implementation": "CPython",
  "platform": "linux-x86_64",
  "python": "3.14.6 (main, Jul 18 2026, 17:01:31) [Clang 22.1.3 ]",
  "requires_python": ">=3.11",
  "requires_python_accepts_runtime": true,
  "soabi": "cpython-314-x86_64-linux-gnu",
  "tool_versions": {
    "build": "1.5.0",
    "hatchling": "1.31.0",
    "packaging": "26.2",
    "pip": "26.2",
    "pytest": "9.1.1"
  },
  "wheel": "statqed_python_toolchain_probe-0.0.0-py3-none-any.whl",
  "wheel_metadata_has_requires_python": true,
  "wheel_sha256": "99137bdaa71c96a9fce94ee7a141c8c9c7b4ddc3c4b3df6257d6e09a47b4a643"
}
