* Creating isolated environment: venv+pip...
* Installing packages in isolated environment:
  - hatchling==1.27.0
> /tmp/statqed-sq0002-python/supported-3-14-6/builder/bin/python -m pip
  --python /tmp/build-env-ggrcf3f1/bin/python install --use-pep517 --no-warn-
  script-location --no-compile -r /tmp/build-reqs-9_aw8xnp.txt

Traceback (most recent call last):
  File "/tmp/statqed-sq0002-python/supported-3-14-6/builder/lib/python3.14/site-packages/build/__main__.py", line 179, in _handle_build_error
    yield
  File "/tmp/statqed-sq0002-python/supported-3-14-6/builder/lib/python3.14/site-packages/build/__main__.py", line 460, in main
    built = build_call(
        args.srcdir,
    ...<5 lines>...
        args.installer,
    )
  File "/tmp/statqed-sq0002-python/supported-3-14-6/builder/lib/python3.14/site-packages/build/__main__.py", line 239, in build_package
    out = _build(isolation, srcdir, outdir, distribution, config_settings, skip_dependency_check, installer)
  File "/tmp/statqed-sq0002-python/supported-3-14-6/builder/lib/python3.14/site-packages/build/__main__.py", line 171, in _build
    return _build_in_isolated_env(srcdir, outdir, distribution, config_settings, installer)
  File "/tmp/statqed-sq0002-python/supported-3-14-6/builder/lib/python3.14/site-packages/build/__main__.py", line 136, in _build_in_isolated_env
    env.install(builder.build_system_requires)
    ~~~~~~~~~~~^^^^^^^^^^^^^^^^^^^^^^^^^^^^^^^
  File "/tmp/statqed-sq0002-python/supported-3-14-6/builder/lib/python3.14/site-packages/build/env.py", line 137, in install
    self._env_backend.install_requirements(requirements)
    ~~~~~~~~~~~~~~~~~~~~~~~~~~~~~~~~~~~~~~^^^^^^^^^^^^^^
  File "/tmp/statqed-sq0002-python/supported-3-14-6/builder/lib/python3.14/site-packages/build/env.py", line 286, in install_requirements
    run_subprocess(cmd)
    ~~~~~~~~~~~~~~^^^^^
  File "/tmp/statqed-sq0002-python/supported-3-14-6/builder/lib/python3.14/site-packages/build/_ctx.py", line 72, in run_subprocess
    subprocess.run(cmd, capture_output=True, check=True, env=env)
    ~~~~~~~~~~~~~~^^^^^^^^^^^^^^^^^^^^^^^^^^^^^^^^^^^^^^^^^^^^^^^
  File "/tmp/statqed-sq0002-python-runtimes/cpython-3.14.6-linux-x86_64-gnu/lib/python3.14/subprocess.py", line 578, in run
    raise CalledProcessError(retcode, process.args,
                             output=stdout, stderr=stderr)
subprocess.CalledProcessError: Command '['/tmp/statqed-sq0002-python/supported-3-14-6/builder/bin/python', '-m', 'pip', '--python', '/tmp/build-env-ggrcf3f1/bin/python', 'install', '--use-pep517', '--no-warn-script-location', '--no-compile', '-r', '/tmp/build-reqs-9_aw8xnp.txt']' returned non-zero exit status 1.

ERROR Command '['/tmp/statqed-sq0002-python/supported-3-14-6/builder/bin/python', '-m', 'pip', '--python', '/tmp/build-env-ggrcf3f1/bin/python', 'install', '--use-pep517', '--no-warn-script-location', '--no-compile', '-r', '/tmp/build-reqs-9_aw8xnp.txt']' returned non-zero exit status 1.
