< WARNING: Retrying (Retry(total=4, connect=None, read=None, redirect=None,
  status=None)) after connection broken by
  'NewConnectionError('<pip._vendor.urllib3.connection.HTTPSConnection object
  at 0x73d995c49fd0>: Failed to establish a new connection: [Errno -2] Name or
  service not known')': /simple/hatchling/
< WARNING: Retrying (Retry(total=3, connect=None, read=None, redirect=None,
  status=None)) after connection broken by
  'NewConnectionError('<pip._vendor.urllib3.connection.HTTPSConnection object
  at 0x73d995be6ad0>: Failed to establish a new connection: [Errno -2] Name or
  service not known')': /simple/hatchling/
< WARNING: Retrying (Retry(total=2, connect=None, read=None, redirect=None,
  status=None)) after connection broken by
  'NewConnectionError('<pip._vendor.urllib3.connection.HTTPSConnection object
  at 0x73d995be6c10>: Failed to establish a new connection: [Errno -2] Name or
  service not known')': /simple/hatchling/
< WARNING: Retrying (Retry(total=1, connect=None, read=None, redirect=None,
  status=None)) after connection broken by
  'NewConnectionError('<pip._vendor.urllib3.connection.HTTPSConnection object
  at 0x73d995be6d50>: Failed to establish a new connection: [Errno -2] Name or
  service not known')': /simple/hatchling/
< WARNING: Retrying (Retry(total=0, connect=None, read=None, redirect=None,
  status=None)) after connection broken by
  'NewConnectionError('<pip._vendor.urllib3.connection.HTTPSConnection object
  at 0x73d995be6e90>: Failed to establish a new connection: [Errno -2] Name or
  service not known')': /simple/hatchling/
< ERROR: Could not find a version that satisfies the requirement
  hatchling==1.27.0 (from versions: none)
< ERROR: No matching distribution found for hatchling==1.27.0
