## development-3-14-6-python-version
Python 3.14.6

## development-3-14-6-tool-versions
{"build": "1.5.0", "hatchling": "1.31.0", "packaging": "26.2", "pip": "26.2", "pytest": "9.1.1"}

## development-3-14-6-pip-check-builder
No broken requirements found.

## development-3-14-6-build
Successfully built statqed_python_toolchain_probe-0.0.0.tar.gz and statqed_python_toolchain_probe-0.0.0-py3-none-any.whl

## development-3-14-6-artifact-digests
99137bdaa71c96a9fce94ee7a141c8c9c7b4ddc3c4b3df6257d6e09a47b4a643  statqed_python_toolchain_probe-0.0.0-py3-none-any.whl
90a82f656fc6782326537c9c54b0314cc61a7d8240be50edb4868a49aca0cb0c  statqed_python_toolchain_probe-0.0.0.tar.gz

## development-3-14-6-wheel-install
Looking in links: /tmp/statqed-sq0002-python-wheelhouse
Processing /tmp/statqed-sq0002-python/supported-3-14-6/dist/statqed_python_toolchain_probe-0.0.0-py3-none-any.whl
Installing collected packages: statqed-python-toolchain-probe
Successfully installed statqed-python-toolchain-probe-0.0.0

## development-3-14-6-pip-check-installed
No broken requirements found.

## development-3-14-6-pytest
..                                                                       [100%]
2 passed in 0.01s

## development-3-14-6-metadata
{
  "distribution_version": "0.0.0",
  "executable": "/tmp/statqed-sq0002-python/supported-3-14-6/installed/bin/python",
  "implementation": "CPython",
  "platform": "linux-x86_64",
  "python": "3.14.6 (main, Jul 18 2026, 17:01:31) [Clang 22.1.3 ]",
  "requires_python": ">=3.11",
  "requires_python_accepts_runtime": true,
  "soabi": "cpython-314-x86_64-linux-gnu",
  "tool_versions": {
    "build": "1.5.0",
    "hatchling": "1.31.0",
    "packaging": "26.2",
    "pip": "26.2",
    "pytest": "9.1.1"
  },
  "wheel": "statqed_python_toolchain_probe-0.0.0-py3-none-any.whl",
  "wheel_metadata_has_requires_python": true,
  "wheel_sha256": "99137bdaa71c96a9fce94ee7a141c8c9c7b4ddc3c4b3df6257d6e09a47b4a643"
}
