    Updating crates.io index
 Downloading crates ...
  Downloaded base16 v0.2.1
  Downloaded base45 v3.2.0
  Downloaded lazy_static v1.5.0
  Downloaded colorchoice v1.0.5
  Downloaded base64-url v3.0.4
  Downloaded num_threads v0.1.7
  Downloaded nom v7.1.3
  Downloaded ciborium-io v0.2.2
  Downloaded bit-set v0.8.0
  Downloaded num-conv v0.2.2
  Downloaded powerfmt v0.2.0
  Downloaded pest_vm v2.8.8
  Downloaded itoa v1.0.18
  Downloaded hexf-parse v0.2.1
  Downloaded heck v0.5.0
  Downloaded fnv v1.0.7
  Downloaded typed-arena v2.0.2
  Downloaded hex v0.4.3
  Downloaded cfg-if v1.0.4
  Downloaded strsim v0.11.1
  Downloaded pest_generator v2.8.8
  Downloaded data-encoding v2.11.1
  Downloaded abnf_to_pest v0.5.1
  Downloaded utf8parse v0.2.2
  Downloaded ciborium-ll v0.2.2
  Downloaded time-core v0.1.9
  Downloaded abnf-core v0.5.0
  Downloaded is_terminal_polyfill v1.70.2
  Downloaded deranged v0.5.8
  Downloaded clap_lex v1.1.0
  Downloaded bit-vec v0.8.0
  Downloaded quote v1.0.47
  Downloaded either v1.17.0
  Downloaded clap_derive v4.6.4
  Downloaded zmij v1.0.23
  Downloaded pretty v0.11.3
  Downloaded anstyle-query v1.1.5
  Downloaded autocfg v1.5.1
  Downloaded anstyle v1.0.14
  Downloaded arrayvec v0.5.2
  Downloaded simplelog v0.12.2
  Downloaded csv-core v0.1.13
  Downloaded anstyle-parse v1.0.0
  Downloaded anstream v1.0.0
  Downloaded pest_meta v2.8.8
  Downloaded pest_derive v2.8.8
  Downloaded log v0.4.33
  Downloaded iana-time-zone v0.1.65
  Downloaded displaydoc v0.2.7
  Downloaded time-macros v0.2.32
  Downloaded ciborium v0.2.2
  Downloaded termcolor v1.4.1
  Downloaded serde_derive v1.0.229
  Downloaded serde_core v1.0.229
  Downloaded clap v4.6.5
  Downloaded unicode-ident v1.0.24
  Downloaded uriparse v0.6.4
  Downloaded ucd-trie v0.1.7
  Downloaded ryu v1.0.23
  Downloaded half v2.7.1
  Downloaded codespan-reporting v0.13.1
  Downloaded num-traits v0.2.19
  Downloaded proc-macro2 v1.0.107
  Downloaded abnf v0.12.0
  Downloaded minimal-lexical v0.2.1
  Downloaded base64 v0.22.1
  Downloaded indexmap v1.9.3
  Downloaded serde v1.0.229
  Downloaded memchr v2.8.3
  Downloaded zerocopy-derive v0.8.55
  Downloaded unicode-segmentation v1.13.3
  Downloaded pest v2.8.8
  Downloaded itertools v0.10.5
  Downloaded hashbrown v0.12.3
  Downloaded cddl v0.10.6
  Downloaded serde_json v1.0.151
  Downloaded regex v1.13.1
  Downloaded libm v0.2.16
  Downloaded clap_builder v4.6.5
  Downloaded aho-corasick v1.1.5
  Downloaded fancy-regex v0.18.0
  Downloaded itertools v0.15.0
  Downloaded zerocopy v0.8.55
  Downloaded unicode-width v0.2.2
  Downloaded time v0.3.55
  Downloaded syn v2.0.119
  Downloaded syn v3.0.3
  Downloaded chrono v0.4.45
  Downloaded regex-syntax v0.8.11
  Downloaded regex-automata v0.4.16
  Downloaded libc v0.2.189
  Downloaded csv v1.4.0
error: rustc 1.85.1 is not supported by the following packages:
  cddl@0.10.6 requires rustc 1.88.0
  cddl@0.10.6 requires rustc 1.88.0
  cddl@0.10.6 requires rustc 1.88.0
  time@0.3.55 requires rustc 1.88.0
  time-core@0.1.9 requires rustc 1.88.0
  time-core@0.1.9 requires rustc 1.88.0
  time-macros@0.2.32 requires rustc 1.88.0
Either upgrade rustc or select compatible dependency versions with
`cargo update <name>@<current-ver> --precise <compatible-ver>`
where `<compatible-ver>` is the latest version supporting rustc 1.85.1

