Using CPython 3.14.7 interpreter at: /tmp/statqed-sq0002-arrow-verify-BnlqG1/runtime/python/bin/python3.14
Creating virtual environment at: /tmp/statqed-sq0002-arrow.jVVTU7/venv
Activate with: source /tmp/statqed-sq0002-arrow.jVVTU7/venv/bin/activate
Using Python 3.14.7 environment at: /tmp/statqed-sq0002-arrow.jVVTU7/venv
Resolved 1 package in 14ms
Prepared 1 package in 2.04s
Installed 1 package in 39ms
 + pyarrow==25.0.0
   Compiling autocfg v1.5.1
   Compiling libm v0.2.16
   Compiling proc-macro2 v1.0.107
   Compiling quote v1.0.47
   Compiling unicode-ident v1.0.24
   Compiling zerocopy v0.8.55
   Compiling cfg-if v1.0.4
   Compiling libc v0.2.189
   Compiling version_check v0.9.5
   Compiling getrandom v0.3.4
   Compiling bytes v1.12.1
   Compiling iana-time-zone v0.1.65
   Compiling once_cell v1.21.4
   Compiling arrow-schema v59.1.0
   Compiling hashbrown v0.17.1
   Compiling lexical-util v1.0.7
   Compiling semver v1.0.28
   Compiling memchr v2.8.3
   Compiling regex-syntax v0.8.11
   Compiling bitflags v2.13.1
   Compiling base64 v0.22.1
   Compiling lexical-write-integer v1.0.6
   Compiling lexical-parse-integer v1.0.6
   Compiling num-traits v0.2.19
   Compiling rustc_version v0.4.1
   Compiling ahash v0.8.12
   Compiling ryu v1.0.23
   Compiling aho-corasick v1.1.5
   Compiling lexical-parse-float v1.0.6
   Compiling lexical-write-float v1.0.6
   Compiling flatbuffers v25.12.19
   Compiling lexical-core v1.0.6
   Compiling syn v2.0.119
   Compiling num-integer v0.1.46
   Compiling num-complex v0.4.6
   Compiling chrono v0.4.45
   Compiling atoi v2.0.0
   Compiling regex-automata v0.4.16
   Compiling num-bigint v0.4.8
   Compiling zerocopy-derive v0.8.55
   Compiling regex v1.13.1
   Compiling half v2.7.1
   Compiling arrow-buffer v59.1.0
   Compiling arrow-data v59.1.0
   Compiling arrow-array v59.1.0
   Compiling arrow-select v59.1.0
   Compiling arrow-row v59.1.0
   Compiling arrow-arith v59.1.0
   Compiling arrow-ord v59.1.0
   Compiling arrow-string v59.1.0
   Compiling arrow-ipc v59.1.0
   Compiling arrow-cast v59.1.0
   Compiling arrow v59.1.0
   Compiling statqed-arrow-probe v0.0.0 (/tmp/statqed-sq0002-resume/docs/research/toolchain-prototypes/arrow)
    Finished `dev` profile [unoptimized] target(s) in 40.91s
     Running `/tmp/statqed-sq0002-arrow.jVVTU7/target/debug/statqed-arrow-probe self`
    Finished `dev` profile [unoptimized] target(s) in 0.07s
     Running `/tmp/statqed-sq0002-arrow.jVVTU7/target/debug/statqed-arrow-probe read-file /tmp/statqed-sq0002-arrow.jVVTU7/exchange/python.arrow`
    Finished `dev` profile [unoptimized] target(s) in 0.05s
     Running `/tmp/statqed-sq0002-arrow.jVVTU7/target/debug/statqed-arrow-probe write-file /tmp/statqed-sq0002-arrow.jVVTU7/exchange/rust.arrow`
    Finished `dev` profile [unoptimized] target(s) in 0.05s
     Running `/tmp/statqed-sq0002-arrow.jVVTU7/target/debug/statqed-arrow-probe reject-file /tmp/statqed-sq0002-arrow.jVVTU7/exchange/magic-only.arrow`
